
Allocating common symbols
Common symbol       size              file

str1                0xc               app.o

Memory Configuration

Name             Origin             Length             Attributes
FLASH            0x0000000008000000 0x0000000000020000 xr
SRAM             0x0000000020000000 0x0000000000005000 xrw
*default*        0x0000000000000000 0xffffffffffffffff

Linker script and memory map


.text           0x0000000008000000      0x128
 *(.vector*)
 .vectors       0x0000000008000000       0x1c startup.o
                0x0000000008000000                vector
 *(.text*)
 .text          0x000000000800001c       0x7c app.o
                0x000000000800001c                main
 .text          0x0000000008000098       0x90 startup.o
                0x0000000008000098                NMI_Handler
                0x0000000008000098                Bus_Fault_Handler
                0x0000000008000098                MM_Fault_Handler
                0x0000000008000098                Usage_Fault_Handler
                0x0000000008000098                H_fault_Handler
                0x0000000008000098                Defualt_Handler
                0x00000000080000a4                Reset_Handler
                0x0000000008000128                _E_text = .

.glue_7         0x0000000008000128        0x0
 .glue_7        0x0000000008000128        0x0 linker stubs

.glue_7t        0x0000000008000128        0x0
 .glue_7t       0x0000000008000128        0x0 linker stubs

.vfp11_veneer   0x0000000008000128        0x0
 .vfp11_veneer  0x0000000008000128        0x0 linker stubs

.v4_bx          0x0000000008000128        0x0
 .v4_bx         0x0000000008000128        0x0 linker stubs

.iplt           0x0000000008000128        0x0
 .iplt          0x0000000008000128        0x0 app.o

.rel.dyn        0x0000000008000128        0x0
 .rel.iplt      0x0000000008000128        0x0 app.o

.data           0x0000000020000000        0xc load address 0x0000000008000128
                0x0000000020000000                _S_data = .
 *(.data*)
 .data          0x0000000020000000        0xc app.o
                0x0000000020000000                str
 .data          0x000000002000000c        0x0 startup.o
                0x000000002000000c                _E_data = .

.igot.plt       0x000000002000000c        0x0 load address 0x0000000008000134
 .igot.plt      0x000000002000000c        0x0 app.o

.bss            0x000000002000000c     0x100c load address 0x0000000008000134
                0x000000002000000c                _S_bss = .
 *(.bss*)
 .bss           0x000000002000000c        0x0 app.o
 .bss           0x000000002000000c        0x0 startup.o
                0x000000002000000c                . = ALIGN (0x4)
                0x000000002000000c                _E_bss = .
                0x000000002000000c                . = ALIGN (0x4)
                0x000000002000100c                . = (. + 0x1000)
 *fill*         0x000000002000000c     0x1000 
                0x000000002000100c                _stack_top = .
 COMMON         0x000000002000100c        0xc app.o
                0x000000002000100c                str1
LOAD app.o
LOAD startup.o
OUTPUT(app.elf elf32-littlearm)

.debug_info     0x0000000000000000      0x2ce
 .debug_info    0x0000000000000000      0x13e app.o
 .debug_info    0x000000000000013e      0x190 startup.o

.debug_abbrev   0x0000000000000000      0x1d4
 .debug_abbrev  0x0000000000000000       0xfe app.o
 .debug_abbrev  0x00000000000000fe       0xd6 startup.o

.debug_loc      0x0000000000000000       0xb4
 .debug_loc     0x0000000000000000       0x38 app.o
 .debug_loc     0x0000000000000038       0x7c startup.o

.debug_aranges  0x0000000000000000       0x40
 .debug_aranges
                0x0000000000000000       0x20 app.o
 .debug_aranges
                0x0000000000000020       0x20 startup.o

.debug_line     0x0000000000000000      0x246
 .debug_line    0x0000000000000000       0x56 app.o
 .debug_line    0x0000000000000056      0x1f0 startup.o

.debug_str      0x0000000000000000      0x19b
 .debug_str     0x0000000000000000      0x10d app.o
                                        0x141 (size before relaxing)
 .debug_str     0x000000000000010d       0x8e startup.o
                                        0x1a1 (size before relaxing)

.comment        0x0000000000000000       0x7b
 .comment       0x0000000000000000       0x7b app.o
                                         0x7c (size before relaxing)
 .comment       0x000000000000007b       0x7c startup.o

.ARM.attributes
                0x0000000000000000       0x33
 .ARM.attributes
                0x0000000000000000       0x33 app.o
 .ARM.attributes
                0x0000000000000033       0x33 startup.o

.debug_frame    0x0000000000000000       0x7c
 .debug_frame   0x0000000000000000       0x2c app.o
 .debug_frame   0x000000000000002c       0x50 startup.o
