
Memory Configuration

Name             Origin             Length             Attributes
Mem              0x00000000         0x04000000         xrw
*default*        0x00000000         0xffffffff

Linker script and memory map

                0x00010000                . = 0x10000

.startup        0x00010000       0x7c
 *(.text)
 .text          0x00010000       0x10 startup.o
                0x00010000                reset
 .text          0x00010010       0x1c app.o
                0x00010010                main
 .text          0x0001002c       0x50 uart.o
                0x0001002c                UART_writestring

.data           0x0001007c       0x64
 *(.data)
 .data          0x0001007c        0x0 startup.o
 .data          0x0001007c       0x64 app.o
                0x0001007c                str
 .data          0x000100e0        0x0 uart.o

.igot.plt       0x000100e0        0x0
 .igot.plt      0x00000000        0x0 startup.o

.bss            0x000100e0        0x0
 *(.bss)
 .bss           0x000100e0        0x0 startup.o
 .bss           0x000100e0        0x0 app.o
 .bss           0x000100e0        0x0 uart.o
 *(.COMMON)

.text
 *(.text)
                0x000110e0                . = (. + 0x1000)
                0x000110e0                stack_top = .
LOAD startup.o
LOAD app.o
LOAD uart.o
OUTPUT(marwan.elf elf32-littlearm)

.glue_7         0x000100e0        0x0 load address 0x000110e0
 .glue_7        0x00000000        0x0 linker stubs

.glue_7t        0x000100e0        0x0 load address 0x000110e0
 .glue_7t       0x00000000        0x0 linker stubs

.vfp11_veneer   0x000100e0        0x0 load address 0x000110e0
 .vfp11_veneer  0x00000000        0x0 linker stubs

.v4_bx          0x000100e0        0x0 load address 0x000110e0
 .v4_bx         0x00000000        0x0 linker stubs

.iplt           0x000100e0        0x0 load address 0x000110e0
 .iplt          0x00000000        0x0 startup.o

.rel.dyn        0x000100e0        0x0 load address 0x000110e0
 .rel.iplt      0x00000000        0x0 startup.o

.ARM.attributes
                0x00000000       0x2e
 .ARM.attributes
                0x00000000       0x22 startup.o
 .ARM.attributes
                0x00000022       0x32 app.o
 .ARM.attributes
                0x00000054       0x32 uart.o

.comment        0x00000000       0x11
 .comment       0x00000000       0x11 app.o
                                 0x12 (size before relaxing)
 .comment       0x00000000       0x12 uart.o

.debug_line     0x00000000       0xac
 .debug_line    0x00000000       0x3a startup.o
 .debug_line    0x0000003a       0x35 app.o
 .debug_line    0x0000006f       0x3d uart.o

.debug_info     0x00000000      0x15e
 .debug_info    0x00000000       0x4d startup.o
 .debug_info    0x0000004d       0xb5 app.o
 .debug_info    0x00000102       0x5c uart.o

.debug_abbrev   0x00000000       0xca
 .debug_abbrev  0x00000000       0x14 startup.o
 .debug_abbrev  0x00000014       0x65 app.o
 .debug_abbrev  0x00000079       0x51 uart.o

.debug_aranges  0x00000000       0x60
 .debug_aranges
                0x00000000       0x20 startup.o
 .debug_aranges
                0x00000020       0x20 app.o
 .debug_aranges
                0x00000040       0x20 uart.o

.debug_loc      0x00000000       0x58
 .debug_loc     0x00000000       0x2c app.o
 .debug_loc     0x0000002c       0x2c uart.o

.debug_str      0x00000000       0xa3
 .debug_str     0x00000000       0x8b app.o
                                 0xc4 (size before relaxing)
 .debug_str     0x0000008b       0x18 uart.o
                                 0x4d (size before relaxing)

.debug_frame    0x00000000       0x54
 .debug_frame   0x00000000       0x2c app.o
 .debug_frame   0x0000002c       0x28 uart.o
