
Memory Configuration

Name             Origin             Length             Attributes
FLASH            0x0000000000000000 0x0000000020000000 xr
SRAM             0x0000000020000000 0x0000000020000000 xrw
*default*        0x0000000000000000 0xffffffffffffffff

Linker script and memory map


.text           0x0000000000000000      0x110
 *(.vector*)
 .vectors       0x0000000000000000       0x1c startup.o
                0x0000000000000000                vector
 *(.text*)
 .text          0x000000000000001c       0x64 app.o
                0x000000000000001c                main
 .text          0x0000000000000080       0x90 startup.o
                0x0000000000000080                NMI_Handler
                0x0000000000000080                Bus_Fault_Handler
                0x0000000000000080                MM_Fault_Handler
                0x0000000000000080                Usage_Fault_Handler
                0x0000000000000080                H_fault_Handler
                0x0000000000000080                Defualt_Handler
                0x000000000000008c                Reset_Handler
 *(.rodata*)
                0x0000000000000110                _E_text = .

.glue_7         0x0000000000000110        0x0
 .glue_7        0x0000000000000110        0x0 linker stubs

.glue_7t        0x0000000000000110        0x0
 .glue_7t       0x0000000000000110        0x0 linker stubs

.vfp11_veneer   0x0000000000000110        0x0
 .vfp11_veneer  0x0000000000000110        0x0 linker stubs

.v4_bx          0x0000000000000110        0x0
 .v4_bx         0x0000000000000110        0x0 linker stubs

.iplt           0x0000000000000110        0x0
 .iplt          0x0000000000000110        0x0 app.o

.rel.dyn        0x0000000000000110        0x0
 .rel.iplt      0x0000000000000110        0x0 app.o

.data           0x0000000020000000        0x0 load address 0x0000000000000110
                0x0000000020000000                _S_data = .
 *(.data*)
 .data          0x0000000020000000        0x0 app.o
 .data          0x0000000020000000        0x0 startup.o
                0x0000000020000000                . = ALIGN (0x4)
                0x0000000020000000                _E_data = .

.igot.plt       0x0000000020000000        0x0 load address 0x0000000000000110
 .igot.plt      0x0000000020000000        0x0 app.o

.bss            0x0000000020000000      0x400 load address 0x0000000000000110
                0x0000000020000000                _S_bss = .
 *(.bss*)
 .bss           0x0000000020000000        0x0 app.o
 .bss           0x0000000020000000      0x400 startup.o
                0x0000000020000400                _E_bss = .
LOAD app.o
LOAD startup.o
OUTPUT(app.elf elf32-littlearm)

.debug_info     0x0000000000000000      0x231
 .debug_info    0x0000000000000000       0x76 app.o
 .debug_info    0x0000000000000076      0x1bb startup.o

.debug_abbrev   0x0000000000000000      0x154
 .debug_abbrev  0x0000000000000000       0x6b app.o
 .debug_abbrev  0x000000000000006b       0xe9 startup.o

.debug_loc      0x0000000000000000       0xb4
 .debug_loc     0x0000000000000000       0x38 app.o
 .debug_loc     0x0000000000000038       0x7c startup.o

.debug_aranges  0x0000000000000000       0x40
 .debug_aranges
                0x0000000000000000       0x20 app.o
 .debug_aranges
                0x0000000000000020       0x20 startup.o

.debug_line     0x0000000000000000      0x236
 .debug_line    0x0000000000000000       0x46 app.o
 .debug_line    0x0000000000000046      0x1f0 startup.o

.debug_str      0x0000000000000000      0x177
 .debug_str     0x0000000000000000       0x9a app.o
                                         0xac (size before relaxing)
 .debug_str     0x000000000000009a       0xdd startup.o
                                        0x1a3 (size before relaxing)

.comment        0x0000000000000000       0x7b
 .comment       0x0000000000000000       0x7b app.o
                                         0x7c (size before relaxing)
 .comment       0x000000000000007b       0x7c startup.o

.ARM.attributes
                0x0000000000000000       0x33
 .ARM.attributes
                0x0000000000000000       0x33 app.o
 .ARM.attributes
                0x0000000000000033       0x33 startup.o

.debug_frame    0x0000000000000000       0x7c
 .debug_frame   0x0000000000000000       0x2c app.o
 .debug_frame   0x000000000000002c       0x50 startup.o
